⚠️  UPSTOX_PROXY_URL not set — Upstox calls will use the runner's own (non-static) IP. Orders will likely fail with UDAPI1154 if IP whitelisting is enforced on this API app.
========================================================================================================================
UPSTOX AUTO-TRADING BOT WITH INTELLIGENT CACHING & ADVANCED STRATEGIES
========================================================================================================================

📊 STRATEGY=all → all strategies enabled (incl. reversal logging)
============================================================
UPSTOX TOKEN MANAGEMENT
============================================================
Mobile: 7397408750
Email: frzkhn155@gmail.com
============================================================

🔑 Step 1: Checking HARDCODED token...
Token preview: eyJ0eXAiOiJKV1QiLCJrZXlfaWQiOi...QHZIgRnSL3Ye5r8oJMn0
🔍 Verifying API token...
⚠️  JWT exp field: 03:30 IST (now 09:15) — Upstox servers stay live until ~03:30 IST; confirming via API...
❌ Token REJECTED by Upstox API (401) — needs fresh login
   ➡ Update UPSTOX_TOKEN secret or re-run OAuth
❌ HARDCODED token is INVALID: Token is invalid or expired
⚠️ Will try other methods...

🔑 Step 2: Checking SAVED token from file...
Token preview: eyJ0eXAiOiJKV1QiLCJrZXlfaWQiOi...dQJ4ARHjAsr5PKtgLMWE
🔍 Verifying API token...
⚠️  JWT exp field: 03:30 IST (now 09:15) — Upstox servers stay live until ~03:30 IST; confirming via API...
❌ Token REJECTED by Upstox API (401) — needs fresh login
   ➡ Update UPSTOX_TOKEN secret or re-run OAuth
❌ SAVED token is INVALID: Token is invalid or expired
⚠️ Will try refresh token...


🔑 Step 3: Attempting token refresh (no browser needed)...

============================================================
🤖 Step 4: HEADLESS SELENIUM OAUTH (fully automated)
============================================================
⚠️  No valid token found. Launching headless Chrome login…
    Chrome will log in silently — no browser window will appear.

✅ Headless redirect server on http://127.0.0.1:8080

🤖 HEADLESS OAUTH LOGIN
🌐 Opening login page (headless)…
✅ Deleted 4 Upstox emails from inbox
📨 OTP requested.
⏳ Waiting for NEW OTP email (checking every 3 seconds, max 120s)...
🕐 OTP requested at: 09:21:14
⏱️ Waiting 8 seconds for email to arrive...
📬 Found 1 unread email(s) from Upstox
📄 Email body preview: <!DOCTYPE html><html lang='en' xmlns:o='urn:schemas-microsoft-com:office:office' xmlns:v='urn:schemas-microsoft-com:vml' style='box-sizing: border-box;'><head style='box-sizing: border-box;'><title st...
🎯 Pattern '(?:<b>|>)\s*(\d{6})\s*(?:</b>|<)' matched OTP: 978474

✅ OTP EXTRACTED: 978474
   📧 From: Upstox <donotreply@transactions.upstox.com>
   📋 Subject: OTP to login
   ⏰ Received: N/A
✅ OTP submitted.
ℹ️ PIN step skipped: Message: 
Stacktrace:
#0 0x55e5bd07136a <unknown>
#1 0x55e5bc9e4f49 <unknown>
#2 0x55e5bca3a7e2 <unknown>
#3 0x55e5bca3aa31 <unknown>
#4 0x55e5bca85ed4 <unknown>
#5 0x55e5bca830c3 <unknown>
#6 0x55e5bca2dc92 <unknown>
#7 0x55e5bca2eb11 <unknown>
#8 0x55e5bd0368d0 <unknown>
#9 0x55e5bd034f3a <unknown>
#10 0x55e5bd01f9b5 <unknown>
#11 0x55e5bd035c0a <unknown>
#12 0x55e5bd007740 <unknown>
#13 0x55e5bd05c9a8 <unknown>
#14 0x55e5bd05cb45 <unknown>
#15 0x55e5bd06ff1e <unknown>
#16 0x7f887009cb84 <unknown>
#17 0x7f8870129d6c <unknown>

⏳ Waiting for OAuth redirect…
❌ No auth code received after 30 s.
🚪 Browser closed

============================================================
❌ ALL TOKEN METHODS FAILED
============================================================

To fix:
  1. Set UPSTOX_API_KEY and UPSTOX_API_SECRET in the bot config
     (get them at https://account.upstox.com/developer/apps)
  2. Ensure Chrome/ChromeDriver is installed (pip install webdriver-manager)
  3. Run the bot — it will log in headlessly and save the token automatically
  4. Copy the new token into HARDCODED_TOKEN to skip all steps next time

============================================================
❌ CRITICAL ERROR: Failed to get valid Upstox token
============================================================

Please check:
1. Your hardcoded token is correct and not expired
2. Your login credentials are correct
3. Your internet connection is stable
4. Upstox services are available

Exiting...
